backend/application/use-cases/whatsapp/send-outgoing-message.ts(58,5): error TS2322: Type 'string | undefined' is not assignable to type 'string'.
  Type 'undefined' is not assignable to type 'string'.
backend/application/use-cases/whatsapp/send-outgoing-message.ts(59,5): error TS2322: Type 'string | undefined' is not assignable to type 'string'.
  Type 'undefined' is not assignable to type 'string'.
